my_lib_ILI9341.c:290:6:TFT9341_SendCommand	16	static
my_lib_ILI9341.c:296:6:TFT9341_SendData	16	static
my_lib_ILI9341.c:302:13:TFT9341_WriteData	24	static
my_lib_ILI9341.c:313:6:TFT9341_Init	40	static
my_lib_ILI9341.c:454:6:TFT9341_reset	8	static
my_lib_ILI9341.c:461:13:TFT9341_SetAddrWindow	32	static
my_lib_ILI9341.c:479:6:TFT9341_FillScreen	24	static
my_lib_ILI9341.c:496:6:TFT9341_FillRect	48	static
my_lib_ILI9341.c:534:6:TFT9341_DrawPixel	24	static
my_lib_ILI9341.c:543:6:TFT9341_DrawCircle	48	static
my_lib_ILI9341.c:576:6:TFT9341_SetRotation	16	static
my_lib_ILI9341.c:614:6:TFT9341_drawChar	40	static
my_lib_ILI9341.c:657:6:TFT9341_printText	48	static
my_lib_ILI9341.c:667:6:TFT9341_DrawLine	56	static
my_lib_ILI9341.c:700:6:TFT9341_DrawRect	32	static
my_lib_ILI9341.c:708:9:TFT9341_getRotation	4	static
