main.c:109:6:set_rgb	16	static
main.c:116:6:StavSwitch	8	static
main.c:138:5:main	64	static
main.c:348:6:SystemClock_Config	248	static
main.c:414:13:MX_ADC1_Init	32	static
main.c:479:13:MX_I2C1_Init	8	static
main.c:525:13:MX_RNG_Init	8	static
main.c:552:13:MX_SPI1_Init	8	static
main.c:592:13:MX_SPI3_Init	8	static
main.c:632:13:MX_TIM1_Init	112	static
main.c:720:13:MX_TIM2_Init	64	static
main.c:779:13:MX_TIM3_Init	56	static
main.c:828:13:MX_TIM4_Init	40	static
main.c:873:13:MX_TIM5_Init	40	static
main.c:918:13:MX_TIM6_Init	24	static
main.c:956:13:MX_TIM8_Init	112	static
main.c:1036:13:MX_USART3_UART_Init	8	static
main.c:1082:13:MX_DMA_Init	16	static
main.c:1104:13:MX_GPIO_Init	64	static
main.c:1293:6:HAL_SPI_TxCpltCallback	16	static
main.c:1307:6:HAL_GPIO_EXTI_Callback	24	static
main.c:1337:6:HAL_TIM_PeriodElapsedCallback	16	static
main.c:1392:6:Error_Handler	4	static
