MCP795.c:51:16:spi_acc_send_byte	32	static
MCP795.c:72:16:rtc_send_byte	16	static
MCP795.c:79:16:rtc_read_status_reg	16	static
MCP795.c:94:13:rtc_write_byte_sram	16	static
MCP795.c:112:13:rtc_write_blobk_sram	16	static
MCP795.c:136:16:rtc_read_byte_sram	24	static
MCP795.c:160:17:rtc_read_block_sram	32	static
MCP795.c:188:13:rtc_enable_on_board_oscillator	24	static
MCP795.c:223:16:rtc_bcd_encoding	16	static
MCP795.c:233:16:rtc_bcd_decoding	16	static
MCP795.c:254:6:rtc_init	8	static
MCP795.c:282:6:rtc_set_time	32	static
MCP795.c:336:6:rtc_update_time	16	static
MCP795.c:355:13:rtc_get_time	4	static
MCP795.c:365:6:RTC_INIT	8	static
MCP795.c:371:6:setUseExternalOscillator	16	static
MCP795.c:375:6:enableOscillator	16	static
MCP795.c:379:9:getSeconds	8	static
MCP795.c:383:9:getControlByte	8	static
MCP795.c:387:9:writeSecond	8	static
MCP795.c:393:6:setRegBit	24	static
MCP795.c:399:9:writeReg	16	static
MCP795.c:408:9:readReg	32	static
