my_lib_LCD16x2.c:29:13:LCD1602_EnablePulse	8	static
my_lib_LCD16x2.c:37:13:LCD1602_RS	16	static
my_lib_LCD16x2.c:44:13:LCD1602_write	24	static
my_lib_LCD16x2.c:83:6:EnableTiming	4	static
my_lib_LCD16x2.c:90:6:TimingDelay	24	static
my_lib_LCD16x2.c:101:13:LCD1602_writeCommand	16	static
my_lib_LCD16x2.c:107:13:LCD1602_writeData	16	static
my_lib_LCD16x2.c:113:13:LCD1602_write4bitCommand	24	static
my_lib_LCD16x2.c:126:6:LCD1602_Begin4BIT	24	static
my_lib_LCD16x2.c:163:6:LCD1602_print	24	static
my_lib_LCD16x2.c:171:6:LCD1602_setCursor	24	static
my_lib_LCD16x2.c:187:6:LCD1602_1stLine	8	static
my_lib_LCD16x2.c:192:6:LCD1602_2ndLine	8	static
my_lib_LCD16x2.c:197:6:LCD1602_TwoLines	8	static
my_lib_LCD16x2.c:203:6:LCD1602_OneLine	8	static
my_lib_LCD16x2.c:209:6:LCD1602_noCursor	8	static
my_lib_LCD16x2.c:215:6:LCD1602_cursor	8	static
my_lib_LCD16x2.c:221:6:LCD1602_clear	8	static
my_lib_LCD16x2.c:226:6:LCD1602_noBlink	8	static
my_lib_LCD16x2.c:231:6:LCD1602_blink	8	static
my_lib_LCD16x2.c:237:6:LCD1602_noDisplay	8	static
my_lib_LCD16x2.c:243:6:LCD1602_display	8	static
my_lib_LCD16x2.c:249:6:LCD1602_shiftToRight	24	static
my_lib_LCD16x2.c:257:6:LCD1602_shiftToLeft	24	static
my_lib_LCD16x2.c:265:6:LCD1602_PrintInt	32	static
my_lib_LCD16x2.c:272:6:LCD1602_PrintFloat	40	static
my_lib_LCD16x2.c:279:13:LCD1602_swap	24	static
my_lib_LCD16x2.c:285:13:LCD1602_rev	24	static
my_lib_LCD16x2.c:290:6:LCD1602_rotate_right	24	static
