STM_MY_LCD16X2.c:26:13:LCD1602_EnablePulse	8	static
STM_MY_LCD16X2.c:34:13:LCD1602_RS	16	static
STM_MY_LCD16X2.c:41:13:LCD1602_write	24	static
STM_MY_LCD16X2.c:89:6:EnableTiming	4	static
STM_MY_LCD16X2.c:96:6:TimingDelay	24	static
STM_MY_LCD16X2.c:153:13:LCD1602_writeCommand	16	static
STM_MY_LCD16X2.c:161:13:LCD1602_writeData	16	static
STM_MY_LCD16X2.c:169:13:LCD1602_write4bitCommand	24	static
STM_MY_LCD16X2.c:186:6:LCD1602_Begin4BIT	24	static
STM_MY_LCD16X2.c:228:6:LCD1602_print	24	static
STM_MY_LCD16X2.c:236:6:LCD1602_setCursor	24	static
STM_MY_LCD16X2.c:251:6:LCD1602_1stLine	8	static
STM_MY_LCD16X2.c:255:6:LCD1602_2ndLine	8	static
STM_MY_LCD16X2.c:260:6:LCD1602_TwoLines	8	static
STM_MY_LCD16X2.c:265:6:LCD1602_OneLine	8	static
STM_MY_LCD16X2.c:271:6:LCD1602_noCursor	8	static
STM_MY_LCD16X2.c:276:6:LCD1602_cursor	8	static
STM_MY_LCD16X2.c:282:6:LCD1602_clear	8	static
STM_MY_LCD16X2.c:288:6:LCD1602_noBlink	8	static
STM_MY_LCD16X2.c:293:6:LCD1602_blink	8	static
STM_MY_LCD16X2.c:299:6:LCD1602_noDisplay	8	static
STM_MY_LCD16X2.c:304:6:LCD1602_display	8	static
STM_MY_LCD16X2.c:310:6:LCD1602_shiftToRight	24	static
STM_MY_LCD16X2.c:317:6:LCD1602_shiftToLeft	24	static
STM_MY_LCD16X2.c:327:6:LCD1602_PrintInt	32	static
STM_MY_LCD16X2.c:334:6:LCD1602_PrintFloat	48	static
STM_MY_LCD16X2.c:342:13:LCD1602_swap	24	static
STM_MY_LCD16X2.c:349:13:LCD1602_rev	24	static
STM_MY_LCD16X2.c:355:6:LCD1602_rotate_right	24	static
